<!doctype html public "-//w3c//dtd html 4.0 transitional//en">
<html><head>
<title>Static Call Graph - [.\Objects\motorboard_code.axf]</title></head>
<body><HR>
<H1>Static Call Graph for image .\Objects\motorboard_code.axf</H1><HR>
<BR><P>#&#060CALLGRAPH&#062# ARM Linker, 5060750: Last Updated: Tue Aug 07 23:19:58 2018
<BR><P>
<H3>Maximum Stack Usage =         44 bytes + Unknown(Functions without stacksize, Cycles, Untraceable Function Pointers)</H3><H3>
Call chain for Maximum Stack Depth:</H3>
CCU6SR0_IRQHandler &rArr; EmoCcu_HandleHallEvent &rArr; Mat_ExeSimpleLp
<P>
<H3>
Functions with no stack information
</H3><UL>
 <LI><a href="#[31]">__user_initial_stackheap</a>
</UL>
</UL>
<P>
<H3>
Mutually Recursive functions
</H3> <LI><a href="#[5]">NMI_Handler</a>&nbsp;&nbsp;&nbsp;&rArr;&nbsp;&nbsp;&nbsp;<a href="#[5]">NMI_Handler</a><BR>
 <LI><a href="#[a]">SVC_Handler</a>&nbsp;&nbsp;&nbsp;&rArr;&nbsp;&nbsp;&nbsp;<a href="#[a]">SVC_Handler</a><BR>
 <LI><a href="#[b]">DebugMon_Handler</a>&nbsp;&nbsp;&nbsp;&rArr;&nbsp;&nbsp;&nbsp;<a href="#[b]">DebugMon_Handler</a><BR>
 <LI><a href="#[c]">PendSV_Handler</a>&nbsp;&nbsp;&nbsp;&rArr;&nbsp;&nbsp;&nbsp;<a href="#[c]">PendSV_Handler</a><BR>
 <LI><a href="#[11]">ADC1_IRQHandler</a>&nbsp;&nbsp;&nbsp;&rArr;&nbsp;&nbsp;&nbsp;<a href="#[11]">ADC1_IRQHandler</a><BR>
</UL>
<P>
<H3>
Function Pointers
</H3><UL>
 <LI><a href="#[11]">ADC1_IRQHandler</a> from startup_tle987x.o(.text) referenced from startup_tle987x.o(RESET)
 <LI><a href="#[10]">ADC2_IRQHandler</a> from startup_tle987x.o(.text) referenced from startup_tle987x.o(RESET)
 <LI><a href="#[1c]">BDRV_IRQHandler</a> from startup_tle987x.o(.text) referenced from startup_tle987x.o(RESET)
 <LI><a href="#[8]">BusFault_Handler</a> from isr.o(i.BusFault_Handler) referenced from startup_tle987x.o(RESET)
 <LI><a href="#[12]">CCU6SR0_IRQHandler</a> from isr.o(i.CCU6SR0_IRQHandler) referenced from startup_tle987x.o(RESET)
 <LI><a href="#[13]">CCU6SR1_IRQHandler</a> from startup_tle987x.o(.text) referenced from startup_tle987x.o(RESET)
 <LI><a href="#[14]">CCU6SR2_IRQHandler</a> from startup_tle987x.o(.text) referenced from startup_tle987x.o(RESET)
 <LI><a href="#[15]">CCU6SR3_IRQHandler</a> from startup_tle987x.o(.text) referenced from startup_tle987x.o(RESET)
 <LI><a href="#[1d]">DMA_IRQHandler</a> from isr.o(i.DMA_IRQHandler) referenced from startup_tle987x.o(RESET)
 <LI><a href="#[b]">DebugMon_Handler</a> from startup_tle987x.o(.text) referenced from startup_tle987x.o(RESET)
 <LI><a href="#[1a]">EXINT0_IRQHandler</a> from startup_tle987x.o(.text) referenced from startup_tle987x.o(RESET)
 <LI><a href="#[1b]">EXINT1_IRQHandler</a> from isr.o(i.EXINT1_IRQHandler) referenced from startup_tle987x.o(RESET)
 <LI><a href="#[e]">GPT1_IRQHandler</a> from startup_tle987x.o(.text) referenced from startup_tle987x.o(RESET)
 <LI><a href="#[f]">GPT2_IRQHandler</a> from startup_tle987x.o(.text) referenced from startup_tle987x.o(RESET)
 <LI><a href="#[6]">HardFault_Handler</a> from isr.o(i.HardFault_Handler) referenced from startup_tle987x.o(RESET)
 <LI><a href="#[7]">MemManage_Handler</a> from isr.o(i.MemManage_Handler) referenced from startup_tle987x.o(RESET)
 <LI><a href="#[5]">NMI_Handler</a> from startup_tle987x.o(.text) referenced from startup_tle987x.o(RESET)
 <LI><a href="#[c]">PendSV_Handler</a> from startup_tle987x.o(.text) referenced from startup_tle987x.o(RESET)
 <LI><a href="#[4]">Reset_Handler</a> from startup_tle987x.o(.text) referenced from startup_tle987x.o(RESET)
 <LI><a href="#[16]">SSC1_IRQHandler</a> from startup_tle987x.o(.text) referenced from startup_tle987x.o(RESET)
 <LI><a href="#[17]">SSC2_IRQHandler</a> from startup_tle987x.o(.text) referenced from startup_tle987x.o(RESET)
 <LI><a href="#[a]">SVC_Handler</a> from startup_tle987x.o(.text) referenced from startup_tle987x.o(RESET)
 <LI><a href="#[d]">SysTick_Handler</a> from isr.o(i.SysTick_Handler) referenced from startup_tle987x.o(RESET)
 <LI><a href="#[1e]">SystemInit</a> from system_tle987x.o(i.SystemInit) referenced from startup_tle987x.o(.text)
 <LI><a href="#[18]">UART1_IRQHandler</a> from startup_tle987x.o(.text) referenced from startup_tle987x.o(RESET)
 <LI><a href="#[19]">UART2_IRQHandler</a> from isr.o(i.UART2_IRQHandler) referenced from startup_tle987x.o(RESET)
 <LI><a href="#[9]">UsageFault_Handler</a> from isr.o(i.UsageFault_Handler) referenced from startup_tle987x.o(RESET)
 <LI><a href="#[20]">__main</a> from __main.o(!!!main) referenced from startup_tle987x.o(.text)
</UL>
<P>
<H3>
Global Symbols
</H3>
<P><STRONG><a name="[20]"></a>__main</STRONG> (Thumb, 8 bytes, Stack size 0 bytes, __main.o(!!!main))
<BR><BR>[Calls]<UL><LI><a href="#[21]">&gt;&gt;</a>&nbsp;&nbsp;&nbsp;__scatterload
<LI><a href="#[22]">&gt;&gt;</a>&nbsp;&nbsp;&nbsp;__rt_entry
</UL>

<P><STRONG><a name="[21]"></a>__scatterload</STRONG> (Thumb, 0 bytes, Stack size unknown bytes, __scatter.o(!!!scatter))
<BR><BR>[Called By]<UL><LI><a href="#[20]">&gt;&gt;</a>&nbsp;&nbsp;&nbsp;__main
</UL>

<P><STRONG><a name="[23]"></a>__scatterload_rt2</STRONG> (Thumb, 44 bytes, Stack size unknown bytes, __scatter.o(!!!scatter), UNUSED)
<BR><BR>[Calls]<UL><LI><a href="#[22]">&gt;&gt;</a>&nbsp;&nbsp;&nbsp;__rt_entry
</UL>

<P><STRONG><a name="[55]"></a>__scatterload_rt2_thumb_only</STRONG> (Thumb, 0 bytes, Stack size unknown bytes, __scatter.o(!!!scatter), UNUSED)

<P><STRONG><a name="[56]"></a>__scatterload_null</STRONG> (Thumb, 0 bytes, Stack size unknown bytes, __scatter.o(!!!scatter), UNUSED)

<P><STRONG><a name="[24]"></a>__scatterload_copy</STRONG> (Thumb, 26 bytes, Stack size unknown bytes, __scatter_copy.o(!!handler_copy), UNUSED)
<BR><BR>[Calls]<UL><LI><a href="#[24]">&gt;&gt;</a>&nbsp;&nbsp;&nbsp;__scatterload_copy
</UL>
<BR>[Called By]<UL><LI><a href="#[24]">&gt;&gt;</a>&nbsp;&nbsp;&nbsp;__scatterload_copy
</UL>

<P><STRONG><a name="[57]"></a>__scatterload_zeroinit</STRONG> (Thumb, 28 bytes, Stack size unknown bytes, __scatter_zi.o(!!handler_zi), UNUSED)

<P><STRONG><a name="[28]"></a>__rt_lib_init</STRONG> (Thumb, 0 bytes, Stack size unknown bytes, libinit.o(.ARM.Collect$$libinit$$00000000))
<BR><BR>[Called By]<UL><LI><a href="#[27]">&gt;&gt;</a>&nbsp;&nbsp;&nbsp;__rt_entry_li
</UL>

<P><STRONG><a name="[58]"></a>__rt_lib_init_alloca_1</STRONG> (Thumb, 0 bytes, Stack size unknown bytes, libinit2.o(.ARM.Collect$$libinit$$0000002E))

<P><STRONG><a name="[59]"></a>__rt_lib_init_argv_1</STRONG> (Thumb, 0 bytes, Stack size unknown bytes, libinit2.o(.ARM.Collect$$libinit$$0000002C))

<P><STRONG><a name="[5a]"></a>__rt_lib_init_atexit_1</STRONG> (Thumb, 0 bytes, Stack size unknown bytes, libinit2.o(.ARM.Collect$$libinit$$0000001B))

<P><STRONG><a name="[5b]"></a>__rt_lib_init_clock_1</STRONG> (Thumb, 0 bytes, Stack size unknown bytes, libinit2.o(.ARM.Collect$$libinit$$00000021))

<P><STRONG><a name="[5c]"></a>__rt_lib_init_cpp_1</STRONG> (Thumb, 0 bytes, Stack size unknown bytes, libinit2.o(.ARM.Collect$$libinit$$00000032))

<P><STRONG><a name="[5d]"></a>__rt_lib_init_exceptions_1</STRONG> (Thumb, 0 bytes, Stack size unknown bytes, libinit2.o(.ARM.Collect$$libinit$$00000030))

<P><STRONG><a name="[5e]"></a>__rt_lib_init_fp_1</STRONG> (Thumb, 0 bytes, Stack size unknown bytes, libinit2.o(.ARM.Collect$$libinit$$00000002))

<P><STRONG><a name="[5f]"></a>__rt_lib_init_fp_trap_1</STRONG> (Thumb, 0 bytes, Stack size unknown bytes, libinit2.o(.ARM.Collect$$libinit$$0000001F))

<P><STRONG><a name="[60]"></a>__rt_lib_init_getenv_1</STRONG> (Thumb, 0 bytes, Stack size unknown bytes, libinit2.o(.ARM.Collect$$libinit$$00000023))

<P><STRONG><a name="[61]"></a>__rt_lib_init_heap_1</STRONG> (Thumb, 0 bytes, Stack size unknown bytes, libinit2.o(.ARM.Collect$$libinit$$0000000A))

<P><STRONG><a name="[62]"></a>__rt_lib_init_lc_collate_1</STRONG> (Thumb, 0 bytes, Stack size unknown bytes, libinit2.o(.ARM.Collect$$libinit$$00000011))

<P><STRONG><a name="[63]"></a>__rt_lib_init_lc_ctype_1</STRONG> (Thumb, 0 bytes, Stack size unknown bytes, libinit2.o(.ARM.Collect$$libinit$$00000013))

<P><STRONG><a name="[64]"></a>__rt_lib_init_lc_monetary_1</STRONG> (Thumb, 0 bytes, Stack size unknown bytes, libinit2.o(.ARM.Collect$$libinit$$00000015))

<P><STRONG><a name="[65]"></a>__rt_lib_init_lc_numeric_1</STRONG> (Thumb, 0 bytes, Stack size unknown bytes, libinit2.o(.ARM.Collect$$libinit$$00000017))

<P><STRONG><a name="[66]"></a>__rt_lib_init_lc_time_1</STRONG> (Thumb, 0 bytes, Stack size unknown bytes, libinit2.o(.ARM.Collect$$libinit$$00000019))

<P><STRONG><a name="[67]"></a>__rt_lib_init_preinit_1</STRONG> (Thumb, 0 bytes, Stack size unknown bytes, libinit2.o(.ARM.Collect$$libinit$$00000004))

<P><STRONG><a name="[68]"></a>__rt_lib_init_rand_1</STRONG> (Thumb, 0 bytes, Stack size unknown bytes, libinit2.o(.ARM.Collect$$libinit$$0000000E))

<P><STRONG><a name="[69]"></a>__rt_lib_init_return</STRONG> (Thumb, 0 bytes, Stack size unknown bytes, libinit2.o(.ARM.Collect$$libinit$$00000033))

<P><STRONG><a name="[6a]"></a>__rt_lib_init_signal_1</STRONG> (Thumb, 0 bytes, Stack size unknown bytes, libinit2.o(.ARM.Collect$$libinit$$0000001D))

<P><STRONG><a name="[6b]"></a>__rt_lib_init_stdio_1</STRONG> (Thumb, 0 bytes, Stack size unknown bytes, libinit2.o(.ARM.Collect$$libinit$$00000025))

<P><STRONG><a name="[6c]"></a>__rt_lib_init_user_alloc_1</STRONG> (Thumb, 0 bytes, Stack size unknown bytes, libinit2.o(.ARM.Collect$$libinit$$0000000C))

<P><STRONG><a name="[2d]"></a>__rt_lib_shutdown</STRONG> (Thumb, 0 bytes, Stack size unknown bytes, libshutdown.o(.ARM.Collect$$libshutdown$$00000000))
<BR><BR>[Called By]<UL><LI><a href="#[2c]">&gt;&gt;</a>&nbsp;&nbsp;&nbsp;__rt_exit_ls
</UL>

<P><STRONG><a name="[6d]"></a>__rt_lib_shutdown_cpp_1</STRONG> (Thumb, 0 bytes, Stack size unknown bytes, libshutdown2.o(.ARM.Collect$$libshutdown$$00000002))

<P><STRONG><a name="[6e]"></a>__rt_lib_shutdown_fp_trap_1</STRONG> (Thumb, 0 bytes, Stack size unknown bytes, libshutdown2.o(.ARM.Collect$$libshutdown$$00000007))

<P><STRONG><a name="[6f]"></a>__rt_lib_shutdown_heap_1</STRONG> (Thumb, 0 bytes, Stack size unknown bytes, libshutdown2.o(.ARM.Collect$$libshutdown$$0000000F))

<P><STRONG><a name="[70]"></a>__rt_lib_shutdown_return</STRONG> (Thumb, 0 bytes, Stack size unknown bytes, libshutdown2.o(.ARM.Collect$$libshutdown$$00000010))

<P><STRONG><a name="[71]"></a>__rt_lib_shutdown_signal_1</STRONG> (Thumb, 0 bytes, Stack size unknown bytes, libshutdown2.o(.ARM.Collect$$libshutdown$$0000000A))

<P><STRONG><a name="[72]"></a>__rt_lib_shutdown_stdio_1</STRONG> (Thumb, 0 bytes, Stack size unknown bytes, libshutdown2.o(.ARM.Collect$$libshutdown$$00000004))

<P><STRONG><a name="[73]"></a>__rt_lib_shutdown_user_alloc_1</STRONG> (Thumb, 0 bytes, Stack size unknown bytes, libshutdown2.o(.ARM.Collect$$libshutdown$$0000000C))

<P><STRONG><a name="[22]"></a>__rt_entry</STRONG> (Thumb, 0 bytes, Stack size unknown bytes, __rtentry.o(.ARM.Collect$$rtentry$$00000000))
<BR><BR>[Called By]<UL><LI><a href="#[23]">&gt;&gt;</a>&nbsp;&nbsp;&nbsp;__scatterload_rt2
<LI><a href="#[20]">&gt;&gt;</a>&nbsp;&nbsp;&nbsp;__main
</UL>

<P><STRONG><a name="[74]"></a>__rt_entry_presh_1</STRONG> (Thumb, 0 bytes, Stack size unknown bytes, __rtentry2.o(.ARM.Collect$$rtentry$$00000002))

<P><STRONG><a name="[25]"></a>__rt_entry_sh</STRONG> (Thumb, 0 bytes, Stack size unknown bytes, __rtentry4.o(.ARM.Collect$$rtentry$$00000004))
<BR><BR>[Stack]<UL><LI>Max Depth = 8 + Unknown Stack Size
<LI>Call Chain = __rt_entry_sh &rArr; __user_setup_stackheap
</UL>
<BR>[Calls]<UL><LI><a href="#[26]">&gt;&gt;</a>&nbsp;&nbsp;&nbsp;__user_setup_stackheap
</UL>

<P><STRONG><a name="[27]"></a>__rt_entry_li</STRONG> (Thumb, 0 bytes, Stack size unknown bytes, __rtentry2.o(.ARM.Collect$$rtentry$$0000000A))
<BR><BR>[Calls]<UL><LI><a href="#[28]">&gt;&gt;</a>&nbsp;&nbsp;&nbsp;__rt_lib_init
</UL>

<P><STRONG><a name="[75]"></a>__rt_entry_postsh_1</STRONG> (Thumb, 0 bytes, Stack size unknown bytes, __rtentry2.o(.ARM.Collect$$rtentry$$00000009))

<P><STRONG><a name="[29]"></a>__rt_entry_main</STRONG> (Thumb, 0 bytes, Stack size unknown bytes, __rtentry2.o(.ARM.Collect$$rtentry$$0000000D))
<BR><BR>[Stack]<UL><LI>Max Depth = 28 + Unknown Stack Size
<LI>Call Chain = __rt_entry_main &rArr; main &rArr; Emo_StartMotor &rArr; Ccu6_Start
</UL>
<BR>[Calls]<UL><LI><a href="#[2a]">&gt;&gt;</a>&nbsp;&nbsp;&nbsp;main
<LI><a href="#[2b]">&gt;&gt;</a>&nbsp;&nbsp;&nbsp;exit
</UL>

<P><STRONG><a name="[76]"></a>__rt_entry_postli_1</STRONG> (Thumb, 0 bytes, Stack size unknown bytes, __rtentry2.o(.ARM.Collect$$rtentry$$0000000C))

<P><STRONG><a name="[32]"></a>__rt_exit</STRONG> (Thumb, 0 bytes, Stack size unknown bytes, rtexit.o(.ARM.Collect$$rtexit$$00000000))
<BR><BR>[Called By]<UL><LI><a href="#[2b]">&gt;&gt;</a>&nbsp;&nbsp;&nbsp;exit
</UL>

<P><STRONG><a name="[2c]"></a>__rt_exit_ls</STRONG> (Thumb, 0 bytes, Stack size unknown bytes, rtexit2.o(.ARM.Collect$$rtexit$$00000003))
<BR><BR>[Calls]<UL><LI><a href="#[2d]">&gt;&gt;</a>&nbsp;&nbsp;&nbsp;__rt_lib_shutdown
</UL>

<P><STRONG><a name="[77]"></a>__rt_exit_prels_1</STRONG> (Thumb, 0 bytes, Stack size unknown bytes, rtexit2.o(.ARM.Collect$$rtexit$$00000002))

<P><STRONG><a name="[2e]"></a>__rt_exit_exit</STRONG> (Thumb, 0 bytes, Stack size unknown bytes, rtexit2.o(.ARM.Collect$$rtexit$$00000004))
<BR><BR>[Calls]<UL><LI><a href="#[2f]">&gt;&gt;</a>&nbsp;&nbsp;&nbsp;_sys_exit
</UL>

<P><STRONG><a name="[4]"></a>Reset_Handler</STRONG> (Thumb, 8 bytes, Stack size 0 bytes, startup_tle987x.o(.text))
<BR>[Address Reference Count : 1]<UL><LI> startup_tle987x.o(RESET)
</UL>
<P><STRONG><a name="[5]"></a>NMI_Handler</STRONG> (Thumb, 2 bytes, Stack size 0 bytes, startup_tle987x.o(.text))
<BR><BR>[Calls]<UL><LI><a href="#[5]">&gt;&gt;</a>&nbsp;&nbsp;&nbsp;NMI_Handler
</UL>
<BR>[Called By]<UL><LI><a href="#[5]">&gt;&gt;</a>&nbsp;&nbsp;&nbsp;NMI_Handler
</UL>
<BR>[Address Reference Count : 1]<UL><LI> startup_tle987x.o(RESET)
</UL>
<P><STRONG><a name="[a]"></a>SVC_Handler</STRONG> (Thumb, 2 bytes, Stack size 0 bytes, startup_tle987x.o(.text))
<BR><BR>[Calls]<UL><LI><a href="#[a]">&gt;&gt;</a>&nbsp;&nbsp;&nbsp;SVC_Handler
</UL>
<BR>[Called By]<UL><LI><a href="#[a]">&gt;&gt;</a>&nbsp;&nbsp;&nbsp;SVC_Handler
</UL>
<BR>[Address Reference Count : 1]<UL><LI> startup_tle987x.o(RESET)
</UL>
<P><STRONG><a name="[b]"></a>DebugMon_Handler</STRONG> (Thumb, 2 bytes, Stack size 0 bytes, startup_tle987x.o(.text))
<BR><BR>[Calls]<UL><LI><a href="#[b]">&gt;&gt;</a>&nbsp;&nbsp;&nbsp;DebugMon_Handler
</UL>
<BR>[Called By]<UL><LI><a href="#[b]">&gt;&gt;</a>&nbsp;&nbsp;&nbsp;DebugMon_Handler
</UL>
<BR>[Address Reference Count : 1]<UL><LI> startup_tle987x.o(RESET)
</UL>
<P><STRONG><a name="[c]"></a>PendSV_Handler</STRONG> (Thumb, 2 bytes, Stack size 0 bytes, startup_tle987x.o(.text))
<BR><BR>[Calls]<UL><LI><a href="#[c]">&gt;&gt;</a>&nbsp;&nbsp;&nbsp;PendSV_Handler
</UL>
<BR>[Called By]<UL><LI><a href="#[c]">&gt;&gt;</a>&nbsp;&nbsp;&nbsp;PendSV_Handler
</UL>
<BR>[Address Reference Count : 1]<UL><LI> startup_tle987x.o(RESET)
</UL>
<P><STRONG><a name="[11]"></a>ADC1_IRQHandler</STRONG> (Thumb, 0 bytes, Stack size 0 bytes, startup_tle987x.o(.text))
<BR><BR>[Calls]<UL><LI><a href="#[11]">&gt;&gt;</a>&nbsp;&nbsp;&nbsp;ADC1_IRQHandler
</UL>
<BR>[Called By]<UL><LI><a href="#[11]">&gt;&gt;</a>&nbsp;&nbsp;&nbsp;ADC1_IRQHandler
</UL>
<BR>[Address Reference Count : 1]<UL><LI> startup_tle987x.o(RESET)
</UL>
<P><STRONG><a name="[10]"></a>ADC2_IRQHandler</STRONG> (Thumb, 0 bytes, Stack size 0 bytes, startup_tle987x.o(.text))
<BR>[Address Reference Count : 1]<UL><LI> startup_tle987x.o(RESET)
</UL>
<P><STRONG><a name="[1c]"></a>BDRV_IRQHandler</STRONG> (Thumb, 0 bytes, Stack size 0 bytes, startup_tle987x.o(.text))
<BR>[Address Reference Count : 1]<UL><LI> startup_tle987x.o(RESET)
</UL>
<P><STRONG><a name="[13]"></a>CCU6SR1_IRQHandler</STRONG> (Thumb, 0 bytes, Stack size 0 bytes, startup_tle987x.o(.text))
<BR>[Address Reference Count : 1]<UL><LI> startup_tle987x.o(RESET)
</UL>
<P><STRONG><a name="[14]"></a>CCU6SR2_IRQHandler</STRONG> (Thumb, 0 bytes, Stack size 0 bytes, startup_tle987x.o(.text))
<BR>[Address Reference Count : 1]<UL><LI> startup_tle987x.o(RESET)
</UL>
<P><STRONG><a name="[15]"></a>CCU6SR3_IRQHandler</STRONG> (Thumb, 0 bytes, Stack size 0 bytes, startup_tle987x.o(.text))
<BR>[Address Reference Count : 1]<UL><LI> startup_tle987x.o(RESET)
</UL>
<P><STRONG><a name="[1a]"></a>EXINT0_IRQHandler</STRONG> (Thumb, 0 bytes, Stack size 0 bytes, startup_tle987x.o(.text))
<BR>[Address Reference Count : 1]<UL><LI> startup_tle987x.o(RESET)
</UL>
<P><STRONG><a name="[e]"></a>GPT1_IRQHandler</STRONG> (Thumb, 0 bytes, Stack size 0 bytes, startup_tle987x.o(.text))
<BR>[Address Reference Count : 1]<UL><LI> startup_tle987x.o(RESET)
</UL>
<P><STRONG><a name="[f]"></a>GPT2_IRQHandler</STRONG> (Thumb, 0 bytes, Stack size 0 bytes, startup_tle987x.o(.text))
<BR>[Address Reference Count : 1]<UL><LI> startup_tle987x.o(RESET)
</UL>
<P><STRONG><a name="[16]"></a>SSC1_IRQHandler</STRONG> (Thumb, 0 bytes, Stack size 0 bytes, startup_tle987x.o(.text))
<BR>[Address Reference Count : 1]<UL><LI> startup_tle987x.o(RESET)
</UL>
<P><STRONG><a name="[17]"></a>SSC2_IRQHandler</STRONG> (Thumb, 0 bytes, Stack size 0 bytes, startup_tle987x.o(.text))
<BR>[Address Reference Count : 1]<UL><LI> startup_tle987x.o(RESET)
</UL>
<P><STRONG><a name="[18]"></a>UART1_IRQHandler</STRONG> (Thumb, 0 bytes, Stack size 0 bytes, startup_tle987x.o(.text))
<BR>[Address Reference Count : 1]<UL><LI> startup_tle987x.o(RESET)
</UL>
<P><STRONG><a name="[31]"></a>__user_initial_stackheap</STRONG> (Thumb, 0 bytes, Stack size unknown bytes, startup_tle987x.o(.text))
<BR><BR>[Called By]<UL><LI><a href="#[26]">&gt;&gt;</a>&nbsp;&nbsp;&nbsp;__user_setup_stackheap
</UL>

<P><STRONG><a name="[78]"></a>__use_two_region_memory</STRONG> (Thumb, 2 bytes, Stack size 0 bytes, heapauxi.o(.text), UNUSED)

<P><STRONG><a name="[79]"></a>__rt_heap_escrow$2region</STRONG> (Thumb, 2 bytes, Stack size 0 bytes, heapauxi.o(.text), UNUSED)

<P><STRONG><a name="[7a]"></a>__rt_heap_expand$2region</STRONG> (Thumb, 2 bytes, Stack size 0 bytes, heapauxi.o(.text), UNUSED)

<P><STRONG><a name="[26]"></a>__user_setup_stackheap</STRONG> (Thumb, 74 bytes, Stack size 8 bytes, sys_stackheap_outer.o(.text))
<BR><BR>[Stack]<UL><LI>Max Depth = 8 + Unknown Stack Size
<LI>Call Chain = __user_setup_stackheap
</UL>
<BR>[Calls]<UL><LI><a href="#[30]">&gt;&gt;</a>&nbsp;&nbsp;&nbsp;__user_perproc_libspace
<LI><a href="#[31]">&gt;&gt;</a>&nbsp;&nbsp;&nbsp;__user_initial_stackheap
</UL>
<BR>[Called By]<UL><LI><a href="#[25]">&gt;&gt;</a>&nbsp;&nbsp;&nbsp;__rt_entry_sh
</UL>

<P><STRONG><a name="[2b]"></a>exit</STRONG> (Thumb, 18 bytes, Stack size 8 bytes, exit.o(.text))
<BR><BR>[Stack]<UL><LI>Max Depth = 8 + Unknown Stack Size
<LI>Call Chain = exit
</UL>
<BR>[Calls]<UL><LI><a href="#[32]">&gt;&gt;</a>&nbsp;&nbsp;&nbsp;__rt_exit
</UL>
<BR>[Called By]<UL><LI><a href="#[29]">&gt;&gt;</a>&nbsp;&nbsp;&nbsp;__rt_entry_main
</UL>

<P><STRONG><a name="[7b]"></a>__user_libspace</STRONG> (Thumb, 8 bytes, Stack size 0 bytes, libspace.o(.text), UNUSED)

<P><STRONG><a name="[30]"></a>__user_perproc_libspace</STRONG> (Thumb, 0 bytes, Stack size 0 bytes, libspace.o(.text))
<BR><BR>[Called By]<UL><LI><a href="#[26]">&gt;&gt;</a>&nbsp;&nbsp;&nbsp;__user_setup_stackheap
</UL>

<P><STRONG><a name="[7c]"></a>__user_perthread_libspace</STRONG> (Thumb, 0 bytes, Stack size 0 bytes, libspace.o(.text), UNUSED)

<P><STRONG><a name="[2f]"></a>_sys_exit</STRONG> (Thumb, 8 bytes, Stack size 0 bytes, sys_exit.o(.text))
<BR><BR>[Called By]<UL><LI><a href="#[2e]">&gt;&gt;</a>&nbsp;&nbsp;&nbsp;__rt_exit_exit
</UL>

<P><STRONG><a name="[7d]"></a>__I$use$semihosting</STRONG> (Thumb, 0 bytes, Stack size 0 bytes, use_no_semi.o(.text), UNUSED)

<P><STRONG><a name="[7e]"></a>__use_no_semihosting_swi</STRONG> (Thumb, 2 bytes, Stack size 0 bytes, use_no_semi.o(.text), UNUSED)

<P><STRONG><a name="[7f]"></a>__semihosting_library_function</STRONG> (Thumb, 0 bytes, Stack size unknown bytes, indicate_semi.o(.text), UNUSED)

<P><STRONG><a name="[43]"></a>ADC1_Init</STRONG> (Thumb, 98 bytes, Stack size 0 bytes, adc1.o(i.ADC1_Init))
<BR><BR>[Called By]<UL><LI><a href="#[41]">&gt;&gt;</a>&nbsp;&nbsp;&nbsp;TLE_Init
</UL>

<P><STRONG><a name="[44]"></a>BDRV_Init</STRONG> (Thumb, 56 bytes, Stack size 0 bytes, bdrv.o(i.BDRV_Init))
<BR><BR>[Called By]<UL><LI><a href="#[41]">&gt;&gt;</a>&nbsp;&nbsp;&nbsp;TLE_Init
</UL>

<P><STRONG><a name="[3b]"></a>BDRV_Set_Bridge</STRONG> (Thumb, 30 bytes, Stack size 12 bytes, bdrv.o(i.BDRV_Set_Bridge))
<BR><BR>[Stack]<UL><LI>Max Depth = 12<LI>Call Chain = BDRV_Set_Bridge
</UL>
<BR>[Called By]<UL><LI><a href="#[39]">&gt;&gt;</a>&nbsp;&nbsp;&nbsp;Emo_StartMotor
</UL>

<P><STRONG><a name="[8]"></a>BusFault_Handler</STRONG> (Thumb, 2 bytes, Stack size 0 bytes, isr.o(i.BusFault_Handler))
<BR>[Address Reference Count : 1]<UL><LI> startup_tle987x.o(RESET)
</UL>
<P><STRONG><a name="[12]"></a>CCU6SR0_IRQHandler</STRONG> (Thumb, 46 bytes, Stack size 8 bytes, isr.o(i.CCU6SR0_IRQHandler))
<BR><BR>[Stack]<UL><LI>Max Depth = 44<LI>Call Chain = CCU6SR0_IRQHandler &rArr; EmoCcu_HandleHallEvent &rArr; Mat_ExeSimpleLp
</UL>
<BR>[Calls]<UL><LI><a href="#[33]">&gt;&gt;</a>&nbsp;&nbsp;&nbsp;EmoCcu_HandleHallEvent
</UL>
<BR>[Address Reference Count : 1]<UL><LI> startup_tle987x.o(RESET)
</UL>
<P><STRONG><a name="[45]"></a>CCU6_Init</STRONG> (Thumb, 114 bytes, Stack size 0 bytes, ccu6.o(i.CCU6_Init))
<BR><BR>[Called By]<UL><LI><a href="#[41]">&gt;&gt;</a>&nbsp;&nbsp;&nbsp;TLE_Init
</UL>

<P><STRONG><a name="[3a]"></a>Ccu6_Start</STRONG> (Thumb, 96 bytes, Stack size 12 bytes, emoccu.o(i.Ccu6_Start))
<BR><BR>[Stack]<UL><LI>Max Depth = 12<LI>Call Chain = Ccu6_Start
</UL>
<BR>[Called By]<UL><LI><a href="#[39]">&gt;&gt;</a>&nbsp;&nbsp;&nbsp;Emo_StartMotor
</UL>

<P><STRONG><a name="[1d]"></a>DMA_IRQHandler</STRONG> (Thumb, 60 bytes, Stack size 8 bytes, isr.o(i.DMA_IRQHandler))
<BR><BR>[Stack]<UL><LI>Max Depth = 24<LI>Call Chain = DMA_IRQHandler &rArr; transmit_data &rArr; DMA_Reset_Channel
</UL>
<BR>[Calls]<UL><LI><a href="#[34]">&gt;&gt;</a>&nbsp;&nbsp;&nbsp;transmit_data
<LI><a href="#[35]">&gt;&gt;</a>&nbsp;&nbsp;&nbsp;receive_data
</UL>
<BR>[Address Reference Count : 1]<UL><LI> startup_tle987x.o(RESET)
</UL>
<P><STRONG><a name="[4c]"></a>DMA_Init</STRONG> (Thumb, 230 bytes, Stack size 8 bytes, dma.o(i.DMA_Init))
<BR><BR>[Stack]<UL><LI>Max Depth = 8<LI>Call Chain = DMA_Init
</UL>
<BR>[Called By]<UL><LI><a href="#[41]">&gt;&gt;</a>&nbsp;&nbsp;&nbsp;TLE_Init
<LI><a href="#[2a]">&gt;&gt;</a>&nbsp;&nbsp;&nbsp;main
</UL>

<P><STRONG><a name="[51]"></a>DMA_Reset_Channel</STRONG> (Thumb, 38 bytes, Stack size 8 bytes, dma.o(i.DMA_Reset_Channel))
<BR><BR>[Stack]<UL><LI>Max Depth = 8<LI>Call Chain = DMA_Reset_Channel
</UL>
<BR>[Called By]<UL><LI><a href="#[34]">&gt;&gt;</a>&nbsp;&nbsp;&nbsp;transmit_data
<LI><a href="#[35]">&gt;&gt;</a>&nbsp;&nbsp;&nbsp;receive_data
<LI><a href="#[2a]">&gt;&gt;</a>&nbsp;&nbsp;&nbsp;main
</UL>

<P><STRONG><a name="[1b]"></a>EXINT1_IRQHandler</STRONG> (Thumb, 2 bytes, Stack size 0 bytes, isr.o(i.EXINT1_IRQHandler))
<BR>[Address Reference Count : 1]<UL><LI> startup_tle987x.o(RESET)
</UL>
<P><STRONG><a name="[33]"></a>EmoCcu_HandleHallEvent</STRONG> (Thumb, 168 bytes, Stack size 24 bytes, emoccu.o(i.EmoCcu_HandleHallEvent))
<BR><BR>[Stack]<UL><LI>Max Depth = 36<LI>Call Chain = EmoCcu_HandleHallEvent &rArr; Mat_ExeSimpleLp
</UL>
<BR>[Calls]<UL><LI><a href="#[36]">&gt;&gt;</a>&nbsp;&nbsp;&nbsp;Mat_ExeSimpleLp
</UL>
<BR>[Called By]<UL><LI><a href="#[12]">&gt;&gt;</a>&nbsp;&nbsp;&nbsp;CCU6SR0_IRQHandler
</UL>

<P><STRONG><a name="[38]"></a>EmoCcu_InitHallPar</STRONG> (Thumb, 14 bytes, Stack size 0 bytes, emoccu.o(i.EmoCcu_InitHallPar))
<BR><BR>[Called By]<UL><LI><a href="#[37]">&gt;&gt;</a>&nbsp;&nbsp;&nbsp;Emo_Init
</UL>

<P><STRONG><a name="[3c]"></a>EmoCcu_InitHallVar</STRONG> (Thumb, 18 bytes, Stack size 0 bytes, emoccu.o(i.EmoCcu_InitHallVar))
<BR><BR>[Called By]<UL><LI><a href="#[39]">&gt;&gt;</a>&nbsp;&nbsp;&nbsp;Emo_StartMotor
</UL>

<P><STRONG><a name="[3e]"></a>Emo_CtrlSpeed</STRONG> (Thumb, 108 bytes, Stack size 8 bytes, emo.o(i.Emo_CtrlSpeed))
<BR><BR>[Stack]<UL><LI>Max Depth = 8<LI>Call Chain = Emo_CtrlSpeed
</UL>
<BR>[Called By]<UL><LI><a href="#[3d]">&gt;&gt;</a>&nbsp;&nbsp;&nbsp;Main_HandleSysTick
</UL>

<P><STRONG><a name="[54]"></a>Emo_GetAbsSpeed</STRONG> (Thumb, 6 bytes, Stack size 0 bytes, emo.o(i.Emo_GetAbsSpeed))
<BR><BR>[Called By]<UL><LI><a href="#[53]">&gt;&gt;</a>&nbsp;&nbsp;&nbsp;process_data
</UL>

<P><STRONG><a name="[37]"></a>Emo_Init</STRONG> (Thumb, 56 bytes, Stack size 16 bytes, emo.o(i.Emo_Init))
<BR><BR>[Stack]<UL><LI>Max Depth = 16<LI>Call Chain = Emo_Init
</UL>
<BR>[Calls]<UL><LI><a href="#[38]">&gt;&gt;</a>&nbsp;&nbsp;&nbsp;EmoCcu_InitHallPar
</UL>
<BR>[Called By]<UL><LI><a href="#[2a]">&gt;&gt;</a>&nbsp;&nbsp;&nbsp;main
</UL>

<P><STRONG><a name="[50]"></a>Emo_SetRefSpeed</STRONG> (Thumb, 20 bytes, Stack size 0 bytes, emo.o(i.Emo_SetRefSpeed))
<BR><BR>[Called By]<UL><LI><a href="#[2a]">&gt;&gt;</a>&nbsp;&nbsp;&nbsp;main
</UL>

<P><STRONG><a name="[39]"></a>Emo_StartMotor</STRONG> (Thumb, 54 bytes, Stack size 16 bytes, emo.o(i.Emo_StartMotor))
<BR><BR>[Stack]<UL><LI>Max Depth = 28<LI>Call Chain = Emo_StartMotor &rArr; Ccu6_Start
</UL>
<BR>[Calls]<UL><LI><a href="#[3c]">&gt;&gt;</a>&nbsp;&nbsp;&nbsp;EmoCcu_InitHallVar
<LI><a href="#[3a]">&gt;&gt;</a>&nbsp;&nbsp;&nbsp;Ccu6_Start
<LI><a href="#[3b]">&gt;&gt;</a>&nbsp;&nbsp;&nbsp;BDRV_Set_Bridge
</UL>
<BR>[Called By]<UL><LI><a href="#[2a]">&gt;&gt;</a>&nbsp;&nbsp;&nbsp;main
</UL>

<P><STRONG><a name="[46]"></a>GPT12E_Init</STRONG> (Thumb, 44 bytes, Stack size 0 bytes, gpt12e.o(i.GPT12E_Init))
<BR><BR>[Called By]<UL><LI><a href="#[41]">&gt;&gt;</a>&nbsp;&nbsp;&nbsp;TLE_Init
</UL>

<P><STRONG><a name="[6]"></a>HardFault_Handler</STRONG> (Thumb, 2 bytes, Stack size 0 bytes, isr.o(i.HardFault_Handler))
<BR>[Address Reference Count : 1]<UL><LI> startup_tle987x.o(RESET)
</UL>
<P><STRONG><a name="[4d]"></a>INT_Init</STRONG> (Thumb, 124 bytes, Stack size 0 bytes, int.o(i.INT_Init))
<BR><BR>[Called By]<UL><LI><a href="#[41]">&gt;&gt;</a>&nbsp;&nbsp;&nbsp;TLE_Init
</UL>

<P><STRONG><a name="[3d]"></a>Main_HandleSysTick</STRONG> (Thumb, 4 bytes, Stack size 0 bytes, main.o(i.Main_HandleSysTick))
<BR><BR>[Stack]<UL><LI>Max Depth = 8<LI>Call Chain = Main_HandleSysTick &rArr; Emo_CtrlSpeed
</UL>
<BR>[Calls]<UL><LI><a href="#[3e]">&gt;&gt;</a>&nbsp;&nbsp;&nbsp;Emo_CtrlSpeed
</UL>
<BR>[Called By]<UL><LI><a href="#[d]">&gt;&gt;</a>&nbsp;&nbsp;&nbsp;SysTick_Handler
</UL>

<P><STRONG><a name="[7]"></a>MemManage_Handler</STRONG> (Thumb, 2 bytes, Stack size 0 bytes, isr.o(i.MemManage_Handler))
<BR>[Address Reference Count : 1]<UL><LI> startup_tle987x.o(RESET)
</UL>
<P><STRONG><a name="[47]"></a>PORT_Init</STRONG> (Thumb, 70 bytes, Stack size 0 bytes, port.o(i.PORT_Init))
<BR><BR>[Called By]<UL><LI><a href="#[41]">&gt;&gt;</a>&nbsp;&nbsp;&nbsp;TLE_Init
<LI><a href="#[2a]">&gt;&gt;</a>&nbsp;&nbsp;&nbsp;main
</UL>

<P><STRONG><a name="[3f]"></a>SCU_ClkInit</STRONG> (Thumb, 272 bytes, Stack size 8 bytes, scu.o(i.SCU_ClkInit))
<BR><BR>[Stack]<UL><LI>Max Depth = 8<LI>Call Chain = SCU_ClkInit
</UL>
<BR>[Called By]<UL><LI><a href="#[1e]">&gt;&gt;</a>&nbsp;&nbsp;&nbsp;SystemInit
</UL>

<P><STRONG><a name="[42]"></a>SCU_Init</STRONG> (Thumb, 50 bytes, Stack size 0 bytes, scu.o(i.SCU_Init))
<BR><BR>[Called By]<UL><LI><a href="#[41]">&gt;&gt;</a>&nbsp;&nbsp;&nbsp;TLE_Init
</UL>

<P><STRONG><a name="[48]"></a>SSC1_Init</STRONG> (Thumb, 24 bytes, Stack size 0 bytes, ssc.o(i.SSC1_Init))
<BR><BR>[Called By]<UL><LI><a href="#[41]">&gt;&gt;</a>&nbsp;&nbsp;&nbsp;TLE_Init
</UL>

<P><STRONG><a name="[49]"></a>SSC2_Init</STRONG> (Thumb, 24 bytes, Stack size 0 bytes, ssc.o(i.SSC2_Init))
<BR><BR>[Called By]<UL><LI><a href="#[41]">&gt;&gt;</a>&nbsp;&nbsp;&nbsp;TLE_Init
</UL>

<P><STRONG><a name="[4f]"></a>SS_High</STRONG> (Thumb, 12 bytes, Stack size 0 bytes, main.o(i.SS_High))
<BR><BR>[Called By]<UL><LI><a href="#[19]">&gt;&gt;</a>&nbsp;&nbsp;&nbsp;UART2_IRQHandler
</UL>

<P><STRONG><a name="[4e]"></a>SS_Low</STRONG> (Thumb, 12 bytes, Stack size 0 bytes, main.o(i.SS_Low))
<BR><BR>[Called By]<UL><LI><a href="#[19]">&gt;&gt;</a>&nbsp;&nbsp;&nbsp;UART2_IRQHandler
</UL>

<P><STRONG><a name="[d]"></a>SysTick_Handler</STRONG> (Thumb, 16 bytes, Stack size 8 bytes, isr.o(i.SysTick_Handler))
<BR><BR>[Stack]<UL><LI>Max Depth = 16<LI>Call Chain = SysTick_Handler &rArr; Main_HandleSysTick &rArr; Emo_CtrlSpeed
</UL>
<BR>[Calls]<UL><LI><a href="#[3d]">&gt;&gt;</a>&nbsp;&nbsp;&nbsp;Main_HandleSysTick
</UL>
<BR>[Address Reference Count : 1]<UL><LI> startup_tle987x.o(RESET)
</UL>
<P><STRONG><a name="[1e]"></a>SystemInit</STRONG> (Thumb, 48 bytes, Stack size 8 bytes, system_tle987x.o(i.SystemInit))
<BR><BR>[Stack]<UL><LI>Max Depth = 16<LI>Call Chain = SystemInit &rArr; SCU_ClkInit
</UL>
<BR>[Calls]<UL><LI><a href="#[40]">&gt;&gt;</a>&nbsp;&nbsp;&nbsp;WDT1_Init
<LI><a href="#[3f]">&gt;&gt;</a>&nbsp;&nbsp;&nbsp;SCU_ClkInit
</UL>
<BR>[Address Reference Count : 1]<UL><LI> startup_tle987x.o(.text)
</UL>
<P><STRONG><a name="[4b]"></a>TIMER21_Init</STRONG> (Thumb, 2 bytes, Stack size 0 bytes, timer2x.o(i.TIMER21_Init))
<BR><BR>[Called By]<UL><LI><a href="#[41]">&gt;&gt;</a>&nbsp;&nbsp;&nbsp;TLE_Init
</UL>

<P><STRONG><a name="[4a]"></a>TIMER2_Init</STRONG> (Thumb, 2 bytes, Stack size 0 bytes, timer2x.o(i.TIMER2_Init))
<BR><BR>[Called By]<UL><LI><a href="#[41]">&gt;&gt;</a>&nbsp;&nbsp;&nbsp;TLE_Init
</UL>

<P><STRONG><a name="[41]"></a>TLE_Init</STRONG> (Thumb, 54 bytes, Stack size 8 bytes, tle_device.o(i.TLE_Init))
<BR><BR>[Stack]<UL><LI>Max Depth = 16<LI>Call Chain = TLE_Init &rArr; DMA_Init
</UL>
<BR>[Calls]<UL><LI><a href="#[4d]">&gt;&gt;</a>&nbsp;&nbsp;&nbsp;INT_Init
<LI><a href="#[46]">&gt;&gt;</a>&nbsp;&nbsp;&nbsp;GPT12E_Init
<LI><a href="#[45]">&gt;&gt;</a>&nbsp;&nbsp;&nbsp;CCU6_Init
<LI><a href="#[43]">&gt;&gt;</a>&nbsp;&nbsp;&nbsp;ADC1_Init
<LI><a href="#[44]">&gt;&gt;</a>&nbsp;&nbsp;&nbsp;BDRV_Init
<LI><a href="#[47]">&gt;&gt;</a>&nbsp;&nbsp;&nbsp;PORT_Init
<LI><a href="#[4c]">&gt;&gt;</a>&nbsp;&nbsp;&nbsp;DMA_Init
<LI><a href="#[4a]">&gt;&gt;</a>&nbsp;&nbsp;&nbsp;TIMER2_Init
<LI><a href="#[4b]">&gt;&gt;</a>&nbsp;&nbsp;&nbsp;TIMER21_Init
<LI><a href="#[49]">&gt;&gt;</a>&nbsp;&nbsp;&nbsp;SSC2_Init
<LI><a href="#[48]">&gt;&gt;</a>&nbsp;&nbsp;&nbsp;SSC1_Init
<LI><a href="#[42]">&gt;&gt;</a>&nbsp;&nbsp;&nbsp;SCU_Init
</UL>
<BR>[Called By]<UL><LI><a href="#[2a]">&gt;&gt;</a>&nbsp;&nbsp;&nbsp;main
</UL>

<P><STRONG><a name="[19]"></a>UART2_IRQHandler</STRONG> (Thumb, 56 bytes, Stack size 8 bytes, isr.o(i.UART2_IRQHandler))
<BR><BR>[Stack]<UL><LI>Max Depth = 8<LI>Call Chain = UART2_IRQHandler
</UL>
<BR>[Calls]<UL><LI><a href="#[4e]">&gt;&gt;</a>&nbsp;&nbsp;&nbsp;SS_Low
<LI><a href="#[4f]">&gt;&gt;</a>&nbsp;&nbsp;&nbsp;SS_High
</UL>
<BR>[Address Reference Count : 1]<UL><LI> startup_tle987x.o(RESET)
</UL>
<P><STRONG><a name="[9]"></a>UsageFault_Handler</STRONG> (Thumb, 2 bytes, Stack size 0 bytes, isr.o(i.UsageFault_Handler))
<BR>[Address Reference Count : 1]<UL><LI> startup_tle987x.o(RESET)
</UL>
<P><STRONG><a name="[40]"></a>WDT1_Init</STRONG> (Thumb, 52 bytes, Stack size 0 bytes, wdt1.o(i.WDT1_Init))
<BR><BR>[Called By]<UL><LI><a href="#[1e]">&gt;&gt;</a>&nbsp;&nbsp;&nbsp;SystemInit
</UL>

<P><STRONG><a name="[52]"></a>WDT1_Service</STRONG> (Thumb, 34 bytes, Stack size 0 bytes, wdt1.o(i.WDT1_Service))
<BR><BR>[Called By]<UL><LI><a href="#[2a]">&gt;&gt;</a>&nbsp;&nbsp;&nbsp;main
</UL>

<P><STRONG><a name="[2a]"></a>main</STRONG> (Thumb, 144 bytes, Stack size 0 bytes, main.o(i.main))
<BR><BR>[Stack]<UL><LI>Max Depth = 28<LI>Call Chain = main &rArr; Emo_StartMotor &rArr; Ccu6_Start
</UL>
<BR>[Calls]<UL><LI><a href="#[52]">&gt;&gt;</a>&nbsp;&nbsp;&nbsp;WDT1_Service
<LI><a href="#[41]">&gt;&gt;</a>&nbsp;&nbsp;&nbsp;TLE_Init
<LI><a href="#[47]">&gt;&gt;</a>&nbsp;&nbsp;&nbsp;PORT_Init
<LI><a href="#[39]">&gt;&gt;</a>&nbsp;&nbsp;&nbsp;Emo_StartMotor
<LI><a href="#[50]">&gt;&gt;</a>&nbsp;&nbsp;&nbsp;Emo_SetRefSpeed
<LI><a href="#[37]">&gt;&gt;</a>&nbsp;&nbsp;&nbsp;Emo_Init
<LI><a href="#[51]">&gt;&gt;</a>&nbsp;&nbsp;&nbsp;DMA_Reset_Channel
<LI><a href="#[4c]">&gt;&gt;</a>&nbsp;&nbsp;&nbsp;DMA_Init
</UL>
<BR>[Called By]<UL><LI><a href="#[29]">&gt;&gt;</a>&nbsp;&nbsp;&nbsp;__rt_entry_main
</UL>

<P><STRONG><a name="[53]"></a>process_data</STRONG> (Thumb, 58 bytes, Stack size 8 bytes, main.o(i.process_data))
<BR><BR>[Stack]<UL><LI>Max Depth = 8<LI>Call Chain = process_data
</UL>
<BR>[Calls]<UL><LI><a href="#[54]">&gt;&gt;</a>&nbsp;&nbsp;&nbsp;Emo_GetAbsSpeed
</UL>
<BR>[Called By]<UL><LI><a href="#[34]">&gt;&gt;</a>&nbsp;&nbsp;&nbsp;transmit_data
</UL>

<P><STRONG><a name="[35]"></a>receive_data</STRONG> (Thumb, 8 bytes, Stack size 0 bytes, main.o(i.receive_data))
<BR><BR>[Stack]<UL><LI>Max Depth = 8<LI>Call Chain = receive_data &rArr; DMA_Reset_Channel
</UL>
<BR>[Calls]<UL><LI><a href="#[51]">&gt;&gt;</a>&nbsp;&nbsp;&nbsp;DMA_Reset_Channel
</UL>
<BR>[Called By]<UL><LI><a href="#[1d]">&gt;&gt;</a>&nbsp;&nbsp;&nbsp;DMA_IRQHandler
</UL>

<P><STRONG><a name="[34]"></a>transmit_data</STRONG> (Thumb, 18 bytes, Stack size 8 bytes, main.o(i.transmit_data))
<BR><BR>[Stack]<UL><LI>Max Depth = 16<LI>Call Chain = transmit_data &rArr; DMA_Reset_Channel
</UL>
<BR>[Calls]<UL><LI><a href="#[51]">&gt;&gt;</a>&nbsp;&nbsp;&nbsp;DMA_Reset_Channel
<LI><a href="#[53]">&gt;&gt;</a>&nbsp;&nbsp;&nbsp;process_data
</UL>
<BR>[Called By]<UL><LI><a href="#[1d]">&gt;&gt;</a>&nbsp;&nbsp;&nbsp;DMA_IRQHandler
</UL>
<P>
<H3>
Local Symbols
</H3>
<P><STRONG><a name="[36]"></a>Mat_ExeSimpleLp</STRONG> (Thumb, 34 bytes, Stack size 12 bytes, emoccu.o(i.Mat_ExeSimpleLp))
<BR><BR>[Stack]<UL><LI>Max Depth = 12<LI>Call Chain = Mat_ExeSimpleLp
</UL>
<BR>[Called By]<UL><LI><a href="#[33]">&gt;&gt;</a>&nbsp;&nbsp;&nbsp;EmoCcu_HandleHallEvent
</UL>
<P>
<H3>
Undefined Global Symbols
</H3><HR></body></html>
